Record recurring friction.

Usage:
  forge friction --quick [--frequency FREQUENCY] DESCRIPTION

Defaults in quick mode:
  frequency  unknown
  impact     unknown
  category   other

Flags:
  -h, --help                 Show help
      --frequency FREQUENCY  Set occurrence frequency (default: unknown)
      --quick                Record without prompting (currently required)
