Forge captures work that deserves attention.

Usage:
  forge
  forge [command] [flags]

Commands:
  capture    Capture friction, an action, a follow-up, or a decision
  completion Generate shell completion scripts
  list       List captures
  show       Show a capture

Flags:
  -h, --help      Show help
      --version   Show version
