List records newest first.

Usage:
  forge list [--type TYPE] [--json]

Output:
  <id>  <type>  <status>  <description>

Missing storage and empty results produce no output and succeed.

Flags:
  -h, --help    Show help
      --json     Write records as a JSON array
      --type TYPE  Filter by capture or friction
