List captures newest first.

Usage:
  forge list [--limit N] [--type TYPE] [--project PROJECT] [--json]

Output:
  <id>  <capture-type>  <description>

Missing storage and empty results produce no output and succeed.

Flags:
  -h, --help            Show help
      --json             Write records as a JSON array
      --limit N          Return at most N records
      --project PROJECT  Filter by project
      --type TYPE        Filter by capture type
